
  .   ____          _            __ _ _
 /\\ / ___'_ __ _ _(_)_ __  __ _ \ \ \ \
( ( )\___ | '_ | '_| | '_ \/ _` | \ \ \ \
 \\/  ___)| |_)| | | | | || (_| |  ) ) ) )
  '  |____| .__|_| |_|_| |_\__, | / / / /
 =========|_|==============|___/=/_/_/_/

 :: Spring Boot ::                (v4.0.8)

2026-09-07T12:54:13.732+06:00  INFO 45912 --- [weather-consumer] [           main] c.example.consumer.ConsumerApplication   : Starting ConsumerApplication v1.0.0 using Java 25.0.3 with PID 45912 (D:\ipr2026\consumer\target\weather-consumer-1.0.0.jar started by Eyrikh in D:\ipr2026)
2026-09-07T12:54:13.734+06:00  INFO 45912 --- [weather-consumer] [           main] c.example.consumer.ConsumerApplication   : No active profile set, falling back to 1 default profile: "default"
2026-09-07T12:54:14.195+06:00  INFO 45912 --- [weather-consumer] [           main] .s.d.r.c.RepositoryConfigurationDelegate : Bootstrapping Spring Data JPA repositories in DEFAULT mode.
2026-09-07T12:54:14.225+06:00  INFO 45912 --- [weather-consumer] [           main] .s.d.r.c.RepositoryConfigurationDelegate : Finished Spring Data repository scanning in 24 ms. Found 1 JPA repository interface.
2026-09-07T12:54:14.619+06:00  INFO 45912 --- [weather-consumer] [           main] o.s.boot.tomcat.TomcatWebServer          : Tomcat initialized with port 8082 (http)
2026-09-07T12:54:14.630+06:00  INFO 45912 --- [weather-consumer] [           main] o.apache.catalina.core.StandardService   : Starting service [Tomcat]
2026-09-07T12:54:14.630+06:00  INFO 45912 --- [weather-consumer] [           main] o.apache.catalina.core.StandardEngine    : Starting Servlet engine: [Apache Tomcat/11.0.24]
2026-09-07T12:54:14.658+06:00  INFO 45912 --- [weather-consumer] [           main] b.w.c.s.WebApplicationContextInitializer : Root WebApplicationContext: initialization completed in 889 ms
2026-09-07T12:54:14.804+06:00  INFO 45912 --- [weather-consumer] [           main] org.hibernate.orm.jpa                    : HHH008540: Processing PersistenceUnitInfo [name: default]
2026-09-07T12:54:14.840+06:00  INFO 45912 --- [weather-consumer] [           main] org.hibernate.orm.core                   : HHH000001: Hibernate ORM core version 7.2.24.Final
2026-09-07T12:54:15.135+06:00  INFO 45912 --- [weather-consumer] [           main] o.s.o.j.p.SpringPersistenceUnitInfo      : No LoadTimeWeaver setup: ignoring JPA class transformer
2026-09-07T12:54:15.151+06:00  INFO 45912 --- [weather-consumer] [           main] com.zaxxer.hikari.HikariDataSource       : HikariPool-1 - Starting...
2026-09-07T12:54:15.268+06:00  INFO 45912 --- [weather-consumer] [           main] com.zaxxer.hikari.pool.HikariPool        : HikariPool-1 - Added connection org.postgresql.jdbc.PgConnection@2e93108a
2026-09-07T12:54:15.269+06:00  INFO 45912 --- [weather-consumer] [           main] com.zaxxer.hikari.HikariDataSource       : HikariPool-1 - Start completed.
2026-09-07T12:54:15.303+06:00  INFO 45912 --- [weather-consumer] [           main] org.hibernate.orm.connections.pooling    : HHH10001005: Database info:
	Database JDBC URL [jdbc:postgresql://localhost:5432/weather_consumer]
	Database driver: PostgreSQL JDBC Driver
	Database dialect: PostgreSQLDialect
	Database version: 17.11
	Default catalog/schema: weather_consumer/public
	Autocommit mode: undefined/unknown
	Isolation level: READ_COMMITTED [default READ_COMMITTED]
	JDBC fetch size: none
	Pool: DataSourceConnectionProvider
	Minimum pool size: undefined/unknown
	Maximum pool size: undefined/unknown
2026-09-07T12:54:15.800+06:00  INFO 45912 --- [weather-consumer] [           main] org.hibernate.orm.core                   : HHH000489: No JTA platform available (set 'hibernate.transaction.jta.platform' to enable JTA platform integration)
2026-09-07T12:54:15.829+06:00  INFO 45912 --- [weather-consumer] [           main] j.LocalContainerEntityManagerFactoryBean : Initialized JPA EntityManagerFactory for persistence unit 'default'
2026-09-07T12:54:15.884+06:00  INFO 45912 --- [weather-consumer] [           main] o.s.d.j.r.query.QueryEnhancerFactories   : Hibernate is in classpath; If applicable, HQL parser will be used.
2026-09-07T12:54:16.004+06:00  INFO 45912 --- [weather-consumer] [           main] o.s.b.w.a.WelcomePageHandlerMapping      : Adding welcome page: class path resource [static/index.html]
2026-09-07T12:54:16.255+06:00  INFO 45912 --- [weather-consumer] [           main] o.s.boot.tomcat.TomcatWebServer          : Tomcat started on port 8082 (http) with context path '/'
2026-09-07T12:54:16.287+06:00  INFO 45912 --- [weather-consumer] [           main] o.a.kafka.common.config.AbstractConfig   : ConsumerConfig values: 
	allow.auto.create.topics = true
	auto.commit.interval.ms = 5000
	auto.offset.reset = earliest
	bootstrap.servers = [localhost:9092]
	check.crcs = true
	client.dns.lookup = use_all_dns_ips
	client.id = consumer-weather-consumer-1
	client.rack = 
	connections.max.idle.ms = 540000
	default.api.timeout.ms = 60000
	enable.auto.commit = false
	enable.metrics.push = true
	exclude.internal.topics = true
	fetch.max.bytes = 52428800
	fetch.max.wait.ms = 500
	fetch.min.bytes = 1
	group.id = weather-consumer
	group.instance.id = null
	group.protocol = classic
	group.remote.assignor = null
	heartbeat.interval.ms = 3000
	interceptor.classes = []
	internal.leave.group.on.close = true
	internal.throw.on.fetch.stable.offset.unsupported = false
	isolation.level = read_uncommitted
	key.deserializer = class org.apache.kafka.common.serialization.StringDeserializer
	max.partition.fetch.bytes = 1048576
	max.poll.interval.ms = 300000
	max.poll.records = 500
	metadata.max.age.ms = 300000
	metadata.recovery.rebootstrap.trigger.ms = 300000
	metadata.recovery.strategy = rebootstrap
	metric.reporters = [org.apache.kafka.common.metrics.JmxReporter]
	metrics.num.samples = 2
	metrics.recording.level = INFO
	metrics.sample.window.ms = 30000
	partition.assignment.strategy = [class org.apache.kafka.clients.consumer.RangeAssignor, class org.apache.kafka.clients.consumer.CooperativeStickyAssignor]
	receive.buffer.bytes = 65536
	reconnect.backoff.max.ms = 1000
	reconnect.backoff.ms = 50
	request.timeout.ms = 30000
	retry.backoff.max.ms = 1000
	retry.backoff.ms = 100
	sasl.client.callback.handler.class = null
	sasl.jaas.config = null
	sasl.kerberos.kinit.cmd = /usr/bin/kinit
	sasl.kerberos.min.time.before.relogin = 60000
	sasl.kerberos.service.name = null
	sasl.kerberos.ticket.renew.jitter = 0.05
	sasl.kerberos.ticket.renew.window.factor = 0.8
	sasl.login.callback.handler.class = null
	sasl.login.class = null
	sasl.login.connect.timeout.ms = null
	sasl.login.read.timeout.ms = null
	sasl.login.refresh.buffer.seconds = 300
	sasl.login.refresh.min.period.seconds = 60
	sasl.login.refresh.window.factor = 0.8
	sasl.login.refresh.window.jitter = 0.05
	sasl.login.retry.backoff.max.ms = 10000
	sasl.login.retry.backoff.ms = 100
	sasl.mechanism = GSSAPI
	sasl.oauthbearer.assertion.algorithm = RS256
	sasl.oauthbearer.assertion.claim.aud = null
	sasl.oauthbearer.assertion.claim.exp.seconds = 300
	sasl.oauthbearer.assertion.claim.iss = null
	sasl.oauthbearer.assertion.claim.jti.include = false
	sasl.oauthbearer.assertion.claim.nbf.seconds = 60
	sasl.oauthbearer.assertion.claim.sub = null
	sasl.oauthbearer.assertion.file = null
	sasl.oauthbearer.assertion.private.key.file = null
	sasl.oauthbearer.assertion.private.key.passphrase = null
	sasl.oauthbearer.assertion.template.file = null
	sasl.oauthbearer.client.credentials.client.id = null
	sasl.oauthbearer.client.credentials.client.secret = null
	sasl.oauthbearer.clock.skew.seconds = 30
	sasl.oauthbearer.expected.audience = null
	sasl.oauthbearer.expected.issuer = null
	sasl.oauthbearer.header.urlencode = false
	sasl.oauthbearer.jwks.endpoint.refresh.ms = 3600000
	sasl.oauthbearer.jwks.endpoint.retry.backoff.max.ms = 10000
	sasl.oauthbearer.jwks.endpoint.retry.backoff.ms = 100
	sasl.oauthbearer.jwks.endpoint.url = null
	sasl.oauthbearer.jwt.retriever.class = class org.apache.kafka.common.security.oauthbearer.DefaultJwtRetriever
	sasl.oauthbearer.jwt.validator.class = class org.apache.kafka.common.security.oauthbearer.DefaultJwtValidator
	sasl.oauthbearer.scope = null
	sasl.oauthbearer.scope.claim.name = scope
	sasl.oauthbearer.sub.claim.name = sub
	sasl.oauthbearer.token.endpoint.url = null
	security.protocol = PLAINTEXT
	security.providers = null
	send.buffer.bytes = 131072
	session.timeout.ms = 45000
	share.acknowledgement.mode = implicit
	socket.connection.setup.timeout.max.ms = 30000
	socket.connection.setup.timeout.ms = 10000
	ssl.cipher.suites = null
	ssl.enabled.protocols = [TLSv1.2, TLSv1.3]
	ssl.endpoint.identification.algorithm = https
	ssl.engine.factory.class = null
	ssl.key.password = null
	ssl.keymanager.algorithm = SunX509
	ssl.keystore.certificate.chain = null
	ssl.keystore.key = null
	ssl.keystore.location = null
	ssl.keystore.password = null
	ssl.keystore.type = JKS
	ssl.protocol = TLSv1.3
	ssl.provider = null
	ssl.secure.random.implementation = null
	ssl.trustmanager.algorithm = PKIX
	ssl.truststore.certificates = null
	ssl.truststore.location = null
	ssl.truststore.password = null
	ssl.truststore.type = JKS
	value.deserializer = class org.springframework.kafka.support.serializer.ErrorHandlingDeserializer

2026-09-07T12:54:16.317+06:00  INFO 45912 --- [weather-consumer] [           main] o.a.k.c.t.i.KafkaMetricsCollector        : initializing Kafka metrics collector
2026-09-07T12:54:16.442+06:00  INFO 45912 --- [weather-consumer] [           main] o.a.kafka.common.utils.AppInfoParser     : Kafka version: 4.1.2
2026-09-07T12:54:16.442+06:00  INFO 45912 --- [weather-consumer] [           main] o.a.kafka.common.utils.AppInfoParser     : Kafka commitId: c82fd9b934b4c1e6
2026-09-07T12:54:16.442+06:00  INFO 45912 --- [weather-consumer] [           main] o.a.kafka.common.utils.AppInfoParser     : Kafka startTimeMs: 1788764056441
2026-09-07T12:54:16.444+06:00  INFO 45912 --- [weather-consumer] [           main] o.a.k.c.c.i.ClassicKafkaConsumer         : [Consumer clientId=consumer-weather-consumer-1, groupId=weather-consumer] Subscribed to topic(s): weather-updates
2026-09-07T12:54:16.453+06:00  INFO 45912 --- [weather-consumer] [           main] c.example.consumer.ConsumerApplication   : Started ConsumerApplication in 3.017 seconds (process running for 3.339)
2026-09-07T12:54:16.631+06:00  INFO 45912 --- [weather-consumer] [ntainer#0-0-C-1] org.apache.kafka.clients.Metadata        : [Consumer clientId=consumer-weather-consumer-1, groupId=weather-consumer] Cluster ID: 5L6g3nShT-eMCtK--X86sw
2026-09-07T12:54:16.632+06:00  INFO 45912 --- [weather-consumer] [ntainer#0-0-C-1] o.a.k.c.c.internals.ConsumerCoordinator  : [Consumer clientId=consumer-weather-consumer-1, groupId=weather-consumer] Discovered group coordinator localhost:9092 (id: 2147483646 rack: null isFenced: false)
2026-09-07T12:54:16.634+06:00  INFO 45912 --- [weather-consumer] [ntainer#0-0-C-1] o.a.k.c.c.internals.ConsumerCoordinator  : [Consumer clientId=consumer-weather-consumer-1, groupId=weather-consumer] (Re-)joining group
2026-09-07T12:54:16.644+06:00  INFO 45912 --- [weather-consumer] [ntainer#0-0-C-1] o.a.k.c.c.internals.ConsumerCoordinator  : [Consumer clientId=consumer-weather-consumer-1, groupId=weather-consumer] Request joining group due to: need to re-join with the given member-id: consumer-weather-consumer-1-d2aae319-694c-48c2-9539-5cac174e582a
2026-09-07T12:54:16.644+06:00  INFO 45912 --- [weather-consumer] [ntainer#0-0-C-1] o.a.k.c.c.internals.ConsumerCoordinator  : [Consumer clientId=consumer-weather-consumer-1, groupId=weather-consumer] (Re-)joining group
2026-09-07T12:54:19.649+06:00  INFO 45912 --- [weather-consumer] [ntainer#0-0-C-1] o.a.k.c.c.internals.ConsumerCoordinator  : [Consumer clientId=consumer-weather-consumer-1, groupId=weather-consumer] Successfully joined group with generation Generation{generationId=1, memberId='consumer-weather-consumer-1-d2aae319-694c-48c2-9539-5cac174e582a', protocol='range'}
2026-09-07T12:54:19.654+06:00  INFO 45912 --- [weather-consumer] [ntainer#0-0-C-1] o.a.k.c.c.internals.ConsumerCoordinator  : [Consumer clientId=consumer-weather-consumer-1, groupId=weather-consumer] Finished assignment for group at generation 1: {consumer-weather-consumer-1-d2aae319-694c-48c2-9539-5cac174e582a=Assignment(partitions=[weather-updates-0])}
2026-09-07T12:54:19.663+06:00  INFO 45912 --- [weather-consumer] [ntainer#0-0-C-1] o.a.k.c.c.internals.ConsumerCoordinator  : [Consumer clientId=consumer-weather-consumer-1, groupId=weather-consumer] Successfully synced group in generation Generation{generationId=1, memberId='consumer-weather-consumer-1-d2aae319-694c-48c2-9539-5cac174e582a', protocol='range'}
2026-09-07T12:54:19.665+06:00  INFO 45912 --- [weather-consumer] [ntainer#0-0-C-1] o.a.k.c.c.internals.ConsumerCoordinator  : [Consumer clientId=consumer-weather-consumer-1, groupId=weather-consumer] Notifying assignor about the new Assignment(partitions=[weather-updates-0])
2026-09-07T12:54:19.666+06:00  INFO 45912 --- [weather-consumer] [ntainer#0-0-C-1] k.c.c.i.ConsumerRebalanceListenerInvoker : [Consumer clientId=consumer-weather-consumer-1, groupId=weather-consumer] Adding newly assigned partitions: [weather-updates-0]
2026-09-07T12:54:19.670+06:00  INFO 45912 --- [weather-consumer] [ntainer#0-0-C-1] o.a.k.c.c.internals.ConsumerCoordinator  : [Consumer clientId=consumer-weather-consumer-1, groupId=weather-consumer] Found no committed offset for partition weather-updates-0
2026-09-07T12:54:19.678+06:00  INFO 45912 --- [weather-consumer] [ntainer#0-0-C-1] o.a.k.c.c.internals.SubscriptionState    : [Consumer clientId=consumer-weather-consumer-1, groupId=weather-consumer] Resetting offset for partition weather-updates-0 to position FetchPosition{offset=0, offsetEpoch=Optional.empty, currentLeader=LeaderAndEpoch{leader=Optional[localhost:9092 (id: 1 rack: null isFenced: false)], epoch=0}}.
2026-09-07T12:54:19.679+06:00  INFO 45912 --- [weather-consumer] [ntainer#0-0-C-1] o.s.k.l.KafkaMessageListenerContainer    : weather-consumer: partitions assigned: [weather-updates-0]
2026-09-07T12:54:19.751+06:00  INFO 45912 --- [weather-consumer] [ntainer#0-0-C-1] c.e.c.service.WeatherKafkaListener       : Сохранена погодная запись id=1, температура=21.5, влажность=65
2026-09-07T13:04:08.498+06:00  INFO 45912 --- [weather-consumer] [nio-8082-exec-1] o.a.c.c.C.[Tomcat].[localhost].[/]       : Initializing Spring DispatcherServlet 'dispatcherServlet'
2026-09-07T13:04:08.500+06:00  INFO 45912 --- [weather-consumer] [nio-8082-exec-1] o.s.web.servlet.DispatcherServlet        : Initializing Servlet 'dispatcherServlet'
2026-09-07T13:04:08.501+06:00  INFO 45912 --- [weather-consumer] [nio-8082-exec-1] o.s.web.servlet.DispatcherServlet        : Completed initialization in 1 ms
2026-09-07T13:04:45.969+06:00  INFO 45912 --- [weather-consumer] [ntainer#0-0-C-1] c.e.c.service.WeatherKafkaListener       : Сохранена погодная запись id=2, температура=-5.0, влажность=85
2026-09-07T13:04:46.005+06:00  INFO 45912 --- [weather-consumer] [ntainer#0-0-C-1] c.e.c.service.WeatherKafkaListener       : Сохранена погодная запись id=3, температура=30.2, влажность=40
2026-09-07T13:07:58.008+06:00  INFO 45912 --- [weather-consumer] [ntainer#0-0-C-1] c.e.c.service.WeatherKafkaListener       : Сохранена погодная запись id=4, температура=24, влажность=55
